≡ƒôè [Module 1] Calculating currents (IEC 60076-1)...
   Γ£à HV Current: 349.91 A
   Γ£à LV Current: 1049.73 A
≡ƒöº [Module 2] Calculating core design (IEC 60076)...
   Flux (╬ª): 0.36036 Wb
   Net core area: 2184 cm┬▓
   Gross core area: 2298.95 cm┬▓
   Core diameter: 541 mm
   HV turns: 238
   LV turns: 79
   Actual volts/turn: 80.053 V
   Turns ratio: 3.0127
   Voltage ratio: 3
   Γ£à Core design complete
≡ƒöä [Module 3] Calculating winding design...
   HV conductor area: 116.64 mm┬▓
   LV conductor area: 349.91 mm┬▓
   LV winding: 563.2 - 591.2 mm
   HV winding: 631.1 - 757.0984567790979 mm
   Γ£à Winding design complete
ΓÜí [Module 4] Calculating conductors & resistance (IEEE C57.12.90 Industry Standard)...
   Core Dia: 541.0 mm
   LV Mean Dia: 646.0 mm
   HV Mean Dia: 791.0 mm
   HV DC resistance: 0.3189 ╬⌐
   LV DC resistance: 0.02882 ╬⌐
   HV AC resistance: 0.3319 ╬⌐ (Factor: 1.041)
   LV AC resistance: 0.030319 ╬⌐ (Factor: 1.052)
   Γ£à Conductor calculations complete
≡ƒôÉ [Module 6] Calculating dimensions...
   Window: 890.1 ├ù 2112.7 mm
   Tank: 2825 ├ù 1490 ├ù 2913 mm
   Cooling surface: 29.35 m┬▓
   Oil volume: 7392.5 liters
   Total weight: 12659.9 kg
   Γ£à Dimensional calculations complete
≡ƒôë [Module 5] Calculating losses (IEC 60076-1 Industry Standard)...
   Core weight: 25475 kg
   Core loss (No-Load): 58.8 kW
     - Hysteresis: 24.13 kW
     - Eddy Current: 34.68 kW
   HV AC Resistance: 0.3319 ╬⌐
   LV AC Resistance: 0.030319 ╬⌐
   HV I┬▓R Loss: 40.64 kW
   LV I┬▓R Loss: 100.23 kW
   Total Eddy Loss: 6.55 kW
   Stray Loss: 6.98 kW
   Total Load Loss: 147.84 kW
   Total Loss: 206.65 kW
   Efficiency: 98.799%
≡ƒîí∩╕Å [Module 7] Calculating temperature rise (IEC 60076-2)...
   Top oil rise: 150 ┬░C
   Avg winding rise: 137.3 ┬░C
   Hot spot temp: 209.1 ┬░C
   Overload (110%) Hot Spot: 228.1 ┬░C
   Γ£à Temperature calculations complete
ΓÜí [Module 8] Calculating impedance (IEC 60076-5)...
   % Resistance: 0.7043%
   % Reactance: 5.96%
   % Impedance: 6%
   Target Z: 6%, Error: 0%
   Γ£à Impedance calculations complete
ΓÜí [Module 9] Calculating short circuit forces (IEC 60076-5)...
   SC Current (RMS): 5832 A
   SC Current (Peak): 13937 A
   Radial Force (Max): 2508.6 kN
   Axial Force (Max): 376.3 kN
   Hoop Stress: 14.4 MPa
   Safety Factor: 15.3
   Γ£à Short circuit calculations complete

[Module 1 ΓÇö Current Calculations (IEC 60076-1)]
  PASS hvCurrent is a positive number
  PASS lvCurrent is a positive number
  PASS lvCurrent > hvCurrent for step-down 33/11 kV
  PASS hvCurrent ~= MVA / (sqrt3 * HV)
≡ƒôè [Module 1] Calculating currents (IEC 60076-1)...
   Γ£à HV Current: 606.06 A
   Γ£à LV Current: 1818.18 A
  PASS single-phase current = S/V (no sqrt3)
  PASS currentRatio is a positive number

[Module 2 ΓÇö Core Design]
  PASS core diameter > 0 mm
  PASS hvTurns > 0
  PASS lvTurns > 0
≡ƒöº [Module 2] Calculating core design (IEC 60076)...
   Flux (╬ª): 0.36036 Wb
   Net core area: 2059.2 cm┬▓
   Gross core area: 2167.58 cm┬▓
   Core diameter: 525.3 mm
   HV turns: 238
   LV turns: 79
   Actual volts/turn: 80.053 V
   Turns ratio: 3.0127
   Voltage ratio: 3
   Γ£à Core design complete
≡ƒöº [Module 2] Calculating core design (IEC 60076)...
   Flux (╬ª): 0.36036 Wb
   Net core area: 2324.91 cm┬▓
   Gross core area: 2447.27 cm┬▓
   Core diameter: 558.2 mm
   HV turns: 238
   LV turns: 79
   Actual volts/turn: 80.053 V
   Turns ratio: 3.0127
   Voltage ratio: 3
   Γ£à Core design complete
  PASS higher Bm produces smaller core diameter

[Module 3 ΓÇö Winding Design]
  PASS returns result object with lv and hv sub-objects
  PASS LV axial height > 0 mm
  PASS HV radial depth > 0 mm
  PASS HV outer diameter > LV outer diameter

[Module 4 ΓÇö Conductor Sizing (IEEE C57.12.90)]
  PASS conductors.hv and conductors.lv exist
  PASS HV conductor area > 0 mm2
  PASS HV AC resistance >= DC resistance (skin effect)
  PASS input current density is in IEC range (1-6 A/mm2)

[Module 5 ΓÇö Loss Calculations (IEC 60076-1)]
  PASS noLoadLoss (coreLoss) > 0 kW
  PASS loadLoss > 0 kW
  PASS totalLoss = noLoadLoss + loadLoss
  PASS efficiency > 97% for 20 MVA power transformer
  PASS eddyLoss >= 0
  PASS strayLoss > 0
node :   FAIL 
rises.topOil < 70 deg C 
(IEC 55 rated + margin 
for 40 C ambient test)
At line:1 char:1
+ node tests/unit/physics-
modules.test.js > 
test_output.txt 2>&1
+ ~~~~~~~~~~~~~~~~~~~~~~~~
~~~~~~~~~~~~~~~~~~~~~~~~~~
~~~~~~~~~~~~
    + CategoryInfo        
      : NotSpecified: (   
   FAIL rises.to...C am   
 bient test):String) [    
], RemoteException
    + FullyQualifiedError 
   Id : NativeCommandErr  
  or
 
  PASS copperLoss breakdown has hv+lv+total
  PASS details.coreWeightDetails uses Limb-Yoke-Corner method

[Module 6 ΓÇö Dimensional Calculations]
  PASS tank object exists
  PASS tank.length > 0 mm
  PASS oil.volume > 0 litres
  PASS weights.total > 0 kg
≡ƒôÉ [Module 6] Calculating dimensions...
   Window: 890.1 ├ù 2112.7 mm
   Tank: 2825 ├ù 1490 ├ù 2913 mm
   Cooling surface: 29.35 m┬▓
   Oil volume: 7392.5 liters
   Total weight: 24781.4 kg
   Γ£à Dimensional calculations complete
  PASS larger MVA => larger tank length

[Module 7 ΓÇö Temperature Rise (IEC 60076-2)]
  PASS rises.topOil > 0 deg C
  PASS absolute.hotSpot < 220 deg C (IEC 60076-7 fault limit)
  PASS compliance object exists

[Module 8 ΓÇö Impedance (IEC 60076-5)]
  PASS percentReactance > 0
  PASS percentImpedance close to target 6%
  PASS xRRatio > 0

[Module 9 ΓÇö Short-Circuit Forces (IEC 60076-5)]
  PASS forces object has radial and axial
  PASS forces.radial > 0 kN
  PASS forces.axial > 0 kN
  PASS SC RMS current > rated HV current
  PASS safetyFactor > 0

[Module 10 ΓÇö Advanced Features]
≡ƒö¼ [Module 10] Calculating advanced features...
   Γ£à Advanced calculations complete
  PASS returns result object
  PASS parameters.noiseLevel > 0 dB
  PASS bil result has hv and lv insulation levels
  PASS inrush.multipleOfRated >= 4 (IEC 60076-1 Annex B)
  PASS economics object exists

[Module 11 ΓÇö Tap Extremes]
≡ƒöä [Tap Extremes] Calculating OCTC tap positions...
   Min tap: 9.9kV, Flux: 1.83T
   Max tap: 12.1kV, Flux: 1.50T
   Warnings: 1
  PASS returns result object
  PASS tap result has min or max voltage data

[Legacy Engine ΓÇö _coreElectricalMath (pure math, no DOM)]
  PASS returns a result object
  PASS core diameter (D) > 0 mm
  PASS peak flux (Phim) > 0 Wb
  PASS EMF per turn (Et) in industry range 50-100 V/turn
  PASS AT balance close to 1.0
  PASS core loss (Pcore) > 0 kW
  PASS NHV_used = hvMain + hvNormTap
  PASS compliance object has all 8 flags
  PASS throws when HV turns = 0
  PASS higher Bm => smaller core diameter (inverse physics)

========================================================
Results: 59 passed, 1 failed
     -> Expected < 70 C, 
got 150 C
SOME PHYSICS TESTS FAILED
